// Jest Snapshot v1, https://goo.gl/fbAQLP

exports[`BackgroundGradient renders the BackgroundGradient component correctly 1`] = `
<BVLinearGradient
  colors={
    Array [
      4294967295,
    ]
  }
  endPoint={
    Object {
      "x": 0.5,
      "y": 1,
    }
  }
  locations={null}
  startPoint={
    Object {
      "x": 0.5,
      "y": 0,
    }
  }
  style={
    Object {
      "borderRadius": 5,
      "height": "100%",
      "width": "100%",
    }
  }
  testID="test-id"
>
  <Text>
    children
  </Text>
</BVLinearGradient>
`;
