// Jest Snapshot v1, https://goo.gl/fbAQLP

exports[`ReportUser renders the report options, a text area and a send button 1`] = `
<BVLinearGradient
  colors={
    Array [
      4291295231,
      4294967295,
    ]
  }
  endPoint={
    Object {
      "x": 0.25,
      "y": 0.3,
    }
  }
  locations={
    Array [
      0.5,
      1,
    ]
  }
  startPoint={
    Object {
      "x": 0,
      "y": 0,
    }
  }
  style={
    Object {
      "alignItems": "center",
      "borderRadius": 5,
      "display": "flex",
      "flexDirection": "column",
      "height": "100%",
      "justifyContent": "center",
      "width": "100%",
    }
  }
  testID="base-screen"
>
  <RNCSafeAreaView
    edges={
      Array [
        "top",
        "right",
        "bottom",
        "left",
      ]
    }
    style={
      Object {
        "height": "100%",
        "width": "100%",
      }
    }
  >
    <View
      style={
        Array [
          Object {
            "paddingHorizontal": 20,
          },
          null,
        ]
      }
      testID="horizontalPadding-component"
    >
      <View
        style={
          Object {
            "alignItems": "center",
            "display": "flex",
            "flexDirection": "row",
            "justifyContent": "center",
            "minHeight": 44,
          }
        }
        testID="navigationBar-component"
      >
        <View
          style={
            Array [
              Object {
                "alignItems": "center",
                "display": "flex",
                "flexDirection": "row",
                "justifyContent": "center",
                "minHeight": 44,
              },
              Object {
                "flex": 0.25,
                "justifyContent": "flex-start",
              },
            ]
          }
        >
          <View
            style={
              Object {
                "width": 20,
              }
            }
          />
        </View>
        <View
          style={
            Array [
              Object {
                "alignItems": "center",
                "display": "flex",
                "flexDirection": "row",
                "justifyContent": "center",
                "minHeight": 44,
              },
              Object {
                "flex": 0.5,
                "justifyContent": "center",
              },
            ]
          }
        >
          <Text
            onPress={null}
            style={
              Object {
                "alignItems": "center",
                "color": "#000000",
                "flex": 1,
                "fontFamily": "NotoSansJP-Black",
                "fontSize": 16,
                "fontWeight": undefined,
                "letterSpacing": -0.3,
                "lineHeight": 22,
                "textAlign": "center",
              }
            }
            testID="title-text"
          >
            Report User
          </Text>
        </View>
        <View
          style={
            Array [
              Object {
                "alignItems": "center",
                "display": "flex",
                "flexDirection": "row",
                "justifyContent": "center",
                "minHeight": 44,
              },
              Object {
                "flex": 0.25,
                "justifyContent": "flex-end",
              },
            ]
          }
        >
          <View
            style={
              Object {
                "width": 20,
              }
            }
            testID="rightPlaceholder-view"
          />
        </View>
      </View>
    </View>
    <View
      alwaysBounceVertical={false}
      getTextInputRefs={[Function]}
      onLayout={[Function]}
      scrollToInputAdditionalOffset={150}
      showsVerticalScrollIndicator={false}
      style={
        Array [
          Object {
            "flex": 1,
          },
          Object {
            "paddingBottom": 0,
          },
        ]
      }
    >
      <RCTScrollView
        contentContainerStyle={
          Object {
            "flexGrow": 1,
          }
        }
        keyboardShouldPersistTaps="handled"
        style={Object {}}
      >
        <View>
          <View
            style={
              Object {
                "alignItems": "center",
                "height": 80,
                "justifyContent": "center",
              }
            }
          >
            <Text
              style={
                Object {
                  "color": "#767676",
                  "fontFamily": "NotoSansJP-Regular",
                  "fontSize": 14,
                  "fontWeight": undefined,
                  "letterSpacing": 0,
                  "lineHeight": 20,
                  "textAlign": "center",
                }
              }
            >
              Tell us what happened
            </Text>
          </View>
          <View>
            <View
              style={
                Array [
                  Object {
                    "paddingHorizontal": 20,
                  },
                  Object {
                    "paddingBottom": 20,
                  },
                ]
              }
              testID="horizontalPadding-component"
            >
              <RCTScrollView
                data={
                  Array [
                    Object {
                      "label": "They used inappropriate language",
                      "value": "inappropriate_language",
                    },
                    Object {
                      "label": "They shared inappropriate content",
                      "value": "inappropriate_content",
                    },
                    Object {
                      "label": "They are spamming me",
                      "value": "spam",
                    },
                    Object {
                      "label": "Their profile is fake",
                      "value": "fake_profile",
                    },
                    Object {
                      "label": "Something else",
                      "value": "other",
                    },
                  ]
                }
                getItem={[Function]}
                getItemCount={[Function]}
                keyExtractor={[Function]}
                onContentSizeChange={[Function]}
                onLayout={[Function]}
                onMomentumScrollBegin={[Function]}
                onMomentumScrollEnd={[Function]}
                onScroll={[Function]}
                onScrollBeginDrag={[Function]}
                onScrollEndDrag={[Function]}
                removeClippedSubviews={false}
                renderItem={[Function]}
                scrollEventThrottle={50}
                stickyHeaderIndices={Array []}
                style={
                  Object {
                    "borderBottomWidth": 0,
                    "borderWidth": 0,
                  }
                }
                testID="report-reasons-list"
                viewabilityConfigCallbackPairs={Array []}
              >
                <View>
                  <View
                    onLayout={[Function]}
                    style={null}
                  >
                    <View
                      accessible={true}
                      collapsable={false}
                      focusable={true}
                      onBlur={[Function]}
                      onClick={[Function]}
                      onFocus={[Function]}
                      onResponderGrant={[Function]}
                      onResponderMove={[Function]}
                      onResponderRelease={[Function]}
                      onResponderTerminate={[Function]}
                      onResponderTerminationRequest={[Function]}
                      onStartShouldSetResponder={[Function]}
                      testID="row-inappropriate_language-testID"
                    >
                      <View
                        style={
                          Object {
                            "backgroundColor": "transparent",
                            "borderBottomWidth": 0,
                            "borderWidth": 0,
                            "flex": 1,
                            "flexDirection": "row",
                            "marginHorizontal": 0,
                            "marginVertical": 20,
                            "paddingHorizontal": 0,
                          }
                        }
                      >
                        <View
                          style={
                            Object {
                              "overflow": "hidden",
                            }
                          }
                        >
                          <View
                            style={
                              Object {
                                "backgroundColor": "transparent",
                                "marginRight": 12,
                              }
                            }
                          >
                            <View
                              style={
                                Object {
                                  "alignItems": "center",
                                  "backgroundColor": "transparent",
                                  "justifyContent": "center",
                                }
                              }
                            >
                              <Text
                                allowFontScaling={false}
                                style={
                                  Array [
                                    Object {
                                      "color": "#A0A0A0",
                                      "fontSize": 24,
                                    },
                                    Object {
                                      "backgroundColor": "transparent",
                                      "fontWeight": 100,
                                    },
                                    Object {
                                      "fontFamily": "FontAwesome",
                                      "fontStyle": "normal",
                                      "fontWeight": "normal",
                                    },
                                    Object {},
                                  ]
                                }
                                testID="iconIcon"
                              >
                                
                              </Text>
                            </View>
                          </View>
                        </View>
                        <View>
                          <Text
                            numberOfLines={1}
                            style={
                              Object {
                                "fontFamily": "NotoSansJP-Regular",
                                "fontSize": 14,
                                "fontWeight": undefined,
                                "letterSpacing": 0,
                                "lineHeight": 20,
                              }
                            }
                          >
                            They used inappropriate language
                          </Text>
                        </View>
                      </View>
                    </View>
                  </View>
                  <View
                    onLayout={[Function]}
                    style={null}
                  >
                    <View
                      accessible={true}
                      collapsable={false}
                      focusable={true}
                      onBlur={[Function]}
                      onClick={[Function]}
                      onFocus={[Function]}
                      onResponderGrant={[Function]}
                      onResponderMove={[Function]}
                      onResponderRelease={[Function]}
                      onResponderTerminate={[Function]}
                      onResponderTerminationRequest={[Function]}
                      onStartShouldSetResponder={[Function]}
                      testID="row-inappropriate_content-testID"
                    >
                      <View
                        style={
                          Object {
                            "backgroundColor": "transparent",
                            "borderBottomWidth": 0,
                            "borderWidth": 0,
                            "flex": 1,
                            "flexDirection": "row",
                            "marginHorizontal": 0,
                            "marginVertical": 20,
                            "paddingHorizontal": 0,
                          }
                        }
                      >
                        <View
                          style={
                            Object {
                              "overflow": "hidden",
                            }
                          }
                        >
                          <View
                            style={
                              Object {
                                "backgroundColor": "transparent",
                                "marginRight": 12,
                              }
                            }
                          >
                            <View
                              style={
                                Object {
                                  "alignItems": "center",
                                  "backgroundColor": "transparent",
                                  "justifyContent": "center",
                                }
                              }
                            >
                              <Text
                                allowFontScaling={false}
                                style={
                                  Array [
                                    Object {
                                      "color": "#A0A0A0",
                                      "fontSize": 24,
                                    },
                                    Object {
                                      "backgroundColor": "transparent",
                                      "fontWeight": 100,
                                    },
                                    Object {
                                      "fontFamily": "FontAwesome",
                                      "fontStyle": "normal",
                                      "fontWeight": "normal",
                                    },
                                    Object {},
                                  ]
                                }
                                testID="iconIcon"
                              >
                                
                              </Text>
                            </View>
                          </View>
                        </View>
                        <View>
                          <Text
                            numberOfLines={1}
                            style={
                              Object {
                                "fontFamily": "NotoSansJP-Regular",
                                "fontSize": 14,
                                "fontWeight": undefined,
                                "letterSpacing": 0,
                                "lineHeight": 20,
                              }
                            }
                          >
                            They shared inappropriate content
                          </Text>
                        </View>
                      </View>
                    </View>
                  </View>
                  <View
                    onLayout={[Function]}
                    style={null}
                  >
                    <View
                      accessible={true}
                      collapsable={false}
                      focusable={true}
                      onBlur={[Function]}
                      onClick={[Function]}
                      onFocus={[Function]}
                      onResponderGrant={[Function]}
                      onResponderMove={[Function]}
                      onResponderRelease={[Function]}
                      onResponderTerminate={[Function]}
                      onResponderTerminationRequest={[Function]}
                      onStartShouldSetResponder={[Function]}
                      testID="row-spam-testID"
                    >
                      <View
                        style={
                          Object {
                            "backgroundColor": "transparent",
                            "borderBottomWidth": 0,
                            "borderWidth": 0,
                            "flex": 1,
                            "flexDirection": "row",
                            "marginHorizontal": 0,
                            "marginVertical": 20,
                            "paddingHorizontal": 0,
                          }
                        }
                      >
                        <View
                          style={
                            Object {
                              "overflow": "hidden",
                            }
                          }
                        >
                          <View
                            style={
                              Object {
                                "backgroundColor": "transparent",
                                "marginRight": 12,
                              }
                            }
                          >
                            <View
                              style={
                                Object {
                                  "alignItems": "center",
                                  "backgroundColor": "transparent",
                                  "justifyContent": "center",
                                }
                              }
                            >
                              <Text
                                allowFontScaling={false}
                                style={
                                  Array [
                                    Object {
                                      "color": "#A0A0A0",
                                      "fontSize": 24,
                                    },
                                    Object {
                                      "backgroundColor": "transparent",
                                      "fontWeight": 100,
                                    },
                                    Object {
                                      "fontFamily": "FontAwesome",
                                      "fontStyle": "normal",
                                      "fontWeight": "normal",
                                    },
                                    Object {},
                                  ]
                                }
                                testID="iconIcon"
                              >
                                
                              </Text>
                            </View>
                          </View>
                        </View>
                        <View>
                          <Text
                            numberOfLines={1}
                            style={
                              Object {
                                "fontFamily": "NotoSansJP-Regular",
                                "fontSize": 14,
                                "fontWeight": undefined,
                                "letterSpacing": 0,
                                "lineHeight": 20,
                              }
                            }
                          >
                            They are spamming me
                          </Text>
                        </View>
                      </View>
                    </View>
                  </View>
                  <View
                    onLayout={[Function]}
                    style={null}
                  >
                    <View
                      accessible={true}
                      collapsable={false}
                      focusable={true}
                      onBlur={[Function]}
                      onClick={[Function]}
                      onFocus={[Function]}
                      onResponderGrant={[Function]}
                      onResponderMove={[Function]}
                      onResponderRelease={[Function]}
                      onResponderTerminate={[Function]}
                      onResponderTerminationRequest={[Function]}
                      onStartShouldSetResponder={[Function]}
                      testID="row-fake_profile-testID"
                    >
                      <View
                        style={
                          Object {
                            "backgroundColor": "transparent",
                            "borderBottomWidth": 0,
                            "borderWidth": 0,
                            "flex": 1,
                            "flexDirection": "row",
                            "marginHorizontal": 0,
                            "marginVertical": 20,
                            "paddingHorizontal": 0,
                          }
                        }
                      >
                        <View
                          style={
                            Object {
                              "overflow": "hidden",
                            }
                          }
                        >
                          <View
                            style={
                              Object {
                                "backgroundColor": "transparent",
                                "marginRight": 12,
                              }
                            }
                          >
                            <View
                              style={
                                Object {
                                  "alignItems": "center",
                                  "backgroundColor": "transparent",
                                  "justifyContent": "center",
                                }
                              }
                            >
                              <Text
                                allowFontScaling={false}
                                style={
                                  Array [
                                    Object {
                                      "color": "#A0A0A0",
                                      "fontSize": 24,
                                    },
                                    Object {
                                      "backgroundColor": "transparent",
                                      "fontWeight": 100,
                                    },
                                    Object {
                                      "fontFamily": "FontAwesome",
                                      "fontStyle": "normal",
                                      "fontWeight": "normal",
                                    },
                                    Object {},
                                  ]
                                }
                                testID="iconIcon"
                              >
                                
                              </Text>
                            </View>
                          </View>
                        </View>
                        <View>
                          <Text
                            numberOfLines={1}
                            style={
                              Object {
                                "fontFamily": "NotoSansJP-Regular",
                                "fontSize": 14,
                                "fontWeight": undefined,
                                "letterSpacing": 0,
                                "lineHeight": 20,
                              }
                            }
                          >
                            Their profile is fake
                          </Text>
                        </View>
                      </View>
                    </View>
                  </View>
                  <View
                    onLayout={[Function]}
                    style={null}
                  >
                    <View
                      accessible={true}
                      collapsable={false}
                      focusable={true}
                      onBlur={[Function]}
                      onClick={[Function]}
                      onFocus={[Function]}
                      onResponderGrant={[Function]}
                      onResponderMove={[Function]}
                      onResponderRelease={[Function]}
                      onResponderTerminate={[Function]}
                      onResponderTerminationRequest={[Function]}
                      onStartShouldSetResponder={[Function]}
                      testID="row-other-testID"
                    >
                      <View
                        style={
                          Object {
                            "backgroundColor": "transparent",
                            "borderBottomWidth": 0,
                            "borderWidth": 0,
                            "flex": 1,
                            "flexDirection": "row",
                            "marginHorizontal": 0,
                            "marginVertical": 20,
                            "paddingHorizontal": 0,
                          }
                        }
                      >
                        <View
                          style={
                            Object {
                              "overflow": "hidden",
                            }
                          }
                        >
                          <View
                            style={
                              Object {
                                "backgroundColor": "transparent",
                                "marginRight": 12,
                              }
                            }
                          >
                            <View
                              style={
                                Object {
                                  "alignItems": "center",
                                  "backgroundColor": "transparent",
                                  "justifyContent": "center",
                                }
                              }
                            >
                              <Text
                                allowFontScaling={false}
                                style={
                                  Array [
                                    Object {
                                      "color": "#A0A0A0",
                                      "fontSize": 24,
                                    },
                                    Object {
                                      "backgroundColor": "transparent",
                                      "fontWeight": 100,
                                    },
                                    Object {
                                      "fontFamily": "FontAwesome",
                                      "fontStyle": "normal",
                                      "fontWeight": "normal",
                                    },
                                    Object {},
                                  ]
                                }
                                testID="iconIcon"
                              >
                                
                              </Text>
                            </View>
                          </View>
                        </View>
                        <View>
                          <Text
                            numberOfLines={1}
                            style={
                              Object {
                                "fontFamily": "NotoSansJP-Regular",
                                "fontSize": 14,
                                "fontWeight": undefined,
                                "letterSpacing": 0,
                                "lineHeight": 20,
                              }
                            }
                          >
                            Something else
                          </Text>
                        </View>
                      </View>
                    </View>
                  </View>
                </View>
              </RCTScrollView>
              <View
                style={
                  Object {
                    "minHeight": 98,
                  }
                }
                testID="report-additional-information"
              >
                <View
                  style={
                    Object {
                      "alignContent": "center",
                      "alignItems": "flex-start",
                      "display": "flex",
                      "flexDirection": "row",
                    }
                  }
                >
                  <Text
                    style={
                      Object {
                        "color": "#242424",
                        "fontFamily": "NotoSansJP-Black",
                        "fontSize": 16,
                        "fontWeight": undefined,
                        "letterSpacing": -0.3,
                        "lineHeight": 22,
                        "marginBottom": 4,
                      }
                    }
                    testID="input-label"
                  >
                    
                  </Text>
                </View>
                <View
                  style={
                    Object {
                      "flex": 1,
                    }
                  }
                >
                  <TextInput
                    autoCapitalize="none"
                    editable={true}
                    multiline={true}
                    onBlur={[Function]}
                    onChangeText={[Function]}
                    onFocus={[Function]}
                    placeholder="Type your message here"
                    placeholderTextColor="#A0A0A0"
                    scrollEnabled={false}
                    selectionColor="#12A3BE"
                    style={
                      Object {
                        "backgroundColor": "#F2F2F2",
                        "borderRadius": 8,
                        "color": "#000000",
                        "fontFamily": "NotoSansJP-Bold",
                        "fontSize": 14,
                        "fontWeight": "normal",
                        "letterSpacing": 0,
                        "lineHeight": 20,
                        "minHeight": 48,
                        "paddingBottom": 16,
                        "paddingHorizontal": 12,
                        "paddingTop": 16,
                        "textAlignVertical": "top",
                      }
                    }
                    testID="input"
                    value=""
                  />
                  <View
                    style={
                      Object {
                        "alignItems": "center",
                        "display": "flex",
                        "flexDirection": "row",
                        "justifyContent": "flex-end",
                        "marginTop": 10,
                      }
                    }
                  >
                    <Text
                      align="right"
                      style={
                        Object {
                          "color": "#767676",
                          "fontFamily": "NotoSansJP-Regular",
                          "fontSize": 12,
                          "fontWeight": undefined,
                          "letterSpacing": 0,
                          "lineHeight": 16,
                        }
                      }
                    >
                      0
                    </Text>
                    <Text
                      style={
                        Object {
                          "color": "#767676",
                          "fontFamily": "NotoSansJP-Regular",
                          "fontSize": 12,
                          "fontWeight": undefined,
                          "letterSpacing": 0,
                          "lineHeight": 16,
                        }
                      }
                    >
                      /300
                    </Text>
                  </View>
                </View>
              </View>
            </View>
          </View>
        </View>
      </RCTScrollView>
      <View
        style={
          Object {
            "alignSelf": "center",
            "marginBottom": 8,
            "marginTop": 8,
          }
        }
      >
        <View
          style={
            Array [
              Object {
                "borderRadius": 3,
                "overflow": "hidden",
              },
              Object {
                "borderRadius": 3,
              },
              undefined,
              false,
            ]
          }
        >
          <View
            accessibilityRole="button"
            accessibilityState={
              Object {
                "busy": false,
                "disabled": true,
              }
            }
            accessible={true}
            collapsable={false}
            focusable={true}
            nativeID="animatedComponent"
            onClick={[Function]}
            onResponderGrant={[Function]}
            onResponderMove={[Function]}
            onResponderRelease={[Function]}
            onResponderTerminate={[Function]}
            onResponderTerminationRequest={[Function]}
            onStartShouldSetResponder={[Function]}
            style={
              Object {
                "opacity": 1,
              }
            }
            testID="send-report"
          >
            <View
              style={
                Object {
                  "alignItems": "center",
                  "backgroundColor": "hsl(208, 8%, 90%)",
                  "borderColor": "#2089dc",
                  "borderRadius": 26,
                  "borderWidth": 0,
                  "flexDirection": "row",
                  "height": 60,
                  "justifyContent": "center",
                  "padding": 8,
                  "width": 335,
                }
              }
            />
          </View>
        </View>
      </View>
    </View>
  </RNCSafeAreaView>
</BVLinearGradient>
`;
