// Jest Snapshot v1, https://goo.gl/fbAQLP

exports[`RoundedPrimaryButton with the default props renders the PrimaryButton component correctly 1`] = `
<View
  style={
    Array [
      Object {
        "borderRadius": 3,
        "overflow": "hidden",
      },
      Object {
        "borderRadius": 3,
      },
      undefined,
      false,
    ]
  }
>
  <View
    accessibilityRole="button"
    accessibilityState={
      Object {
        "busy": false,
        "disabled": false,
      }
    }
    accessible={true}
    collapsable={false}
    focusable={true}
    nativeID="animatedComponent"
    onClick={[Function]}
    onResponderGrant={[Function]}
    onResponderMove={[Function]}
    onResponderRelease={[Function]}
    onResponderTerminate={[Function]}
    onResponderTerminationRequest={[Function]}
    onStartShouldSetResponder={[Function]}
    style={
      Object {
        "opacity": 1,
      }
    }
    testID="roundedPrimaryButton"
  >
    <View
      style={
        Object {
          "alignItems": "center",
          "backgroundColor": "#12A3BE",
          "borderColor": "#2089dc",
          "borderRadius": 26,
          "borderWidth": 0,
          "flexDirection": "row",
          "height": 44,
          "iconStyle": Object {
            "source": Object {
              "testUri": "../../../src/assets/icons/plus.png",
            },
          },
          "justifyContent": "center",
          "margin": 6,
          "padding": 8,
          "shadowColor": "#12A3BE",
          "shadowOffset": Object {
            "height": 1,
            "width": 0,
          },
          "shadowOpacity": 0.5,
          "shadowRadius": 3,
          "width": 44,
        }
      }
    >
      <View
        style={
          Array [
            Object {
              "overflow": "hidden",
            },
            Object {
              "height": 24,
              "width": 24,
            },
          ]
        }
      >
        <FastImageView
          resizeMode="cover"
          source={
            Object {
              "testUri": "../../../src/assets/icons/plus.png",
            }
          }
          style={
            Object {
              "bottom": 0,
              "left": 0,
              "position": "absolute",
              "right": 0,
              "top": 0,
            }
          }
          testID="icon"
          tintColor="#FFFFFF"
        />
      </View>
    </View>
  </View>
</View>
`;
