// Jest Snapshot v1, https://goo.gl/fbAQLP

exports[`Image with onLoad callback renders the Image component correctly 1`] = `undefined`;

exports[`Image with size renders the Image component correctly 1`] = `undefined`;

exports[`Image with the default props renders the Image component correctly 1`] = `undefined`;

exports[`Image with tint color renders the Image component correctly 1`] = `undefined`;
