// Jest Snapshot v1, https://goo.gl/fbAQLP

exports[`FlightForm with the default props renders the FlightForm component correctly 1`] = `
<View
  style={
    Array [
      Object {
        "paddingHorizontal": 20,
      },
      Object {
        "marginTop": 25,
      },
    ]
  }
  testID="test-id"
>
  <View
    style={
      Object {
        "flex": 1,
        "flexDirection": "row",
      }
    }
  >
    <Text
      numberOfLines={1}
      style={
        Object {
          "color": "#000000",
          "fontFamily": "NotoSansJP-Black",
          "fontSize": 16,
          "fontWeight": undefined,
          "letterSpacing": -0.3,
          "lineHeight": 22,
          "minHeight": 22,
          "textTransform": "none",
        }
      }
      testID="post-manually-form-title"
    >
      Flight data - Add flight manually
    </Text>
    <Text
      style={
        Object {
          "color": "#D60A50",
          "fontSize": 16,
        }
      }
      testID="required-testID"
    >
       *
    </Text>
  </View>
  <View
    style={
      Object {
        "height": 25,
      }
    }
  />
  <View
    style={
      Object {
        "marginBottom": 20,
        "minHeight": 98,
      }
    }
    testID="from-input"
  >
    <View
      style={
        Object {
          "alignContent": "center",
          "alignItems": "flex-start",
          "display": "flex",
          "flexDirection": "row",
        }
      }
    >
      <Text
        style={
          Object {
            "color": "#242424",
            "fontFamily": "NotoSansJP-Black",
            "fontSize": 16,
            "fontWeight": undefined,
            "letterSpacing": -0.3,
            "lineHeight": 22,
            "marginBottom": 4,
          }
        }
        testID="input-label"
      >
        From
      </Text>
      <Text
        style={
          Object {
            "color": "#D60A50",
            "fontFamily": "NotoSansJP-Bold",
            "fontSize": 14,
            "fontWeight": undefined,
            "letterSpacing": 0,
            "lineHeight": 20,
            "marginLeft": 4,
          }
        }
        testID="input-required"
      >
        *
      </Text>
    </View>
    <View
      style={
        Object {
          "flex": 1,
        }
      }
    >
      <View
        style={
          Object {
            "paddingHorizontal": 0,
            "width": "100%",
          }
        }
      >
        <View
          collapsable={false}
          nativeID="animatedComponent"
          style={
            Object {
              "alignItems": "center",
              "backgroundColor": "#F2F2F2",
              "borderBottomWidth": 0,
              "borderColor": "#86939e",
              "borderRadius": 8,
              "flexDirection": "row",
              "marginBottom": 5,
              "minHeight": 52,
              "paddingHorizontal": 12,
              "textAlignVertical": "center",
              "transform": Array [
                Object {
                  "translateX": 0,
                },
              ],
            }
          }
        >
          <TextInput
            autoCapitalize="characters"
            autoCorrect={true}
            editable={true}
            onBlur={[Function]}
            onChangeText={[Function]}
            onFocus={[Function]}
            onSubmitEditing={[Function]}
            placeholder="Origin code"
            placeholderTextColor="#A0A0A0"
            returnKeyType="default"
            scrollEnabled={true}
            secureTextEntry={false}
            selectionColor="#12A3BE"
            style={
              Object {
                "color": "#000000",
                "flex": 1,
                "fontFamily": "NotoSansJP-Bold",
                "fontSize": 14,
                "fontWeight": undefined,
                "letterSpacing": 0,
                "lineHeight": 20,
                "minHeight": 40,
                "paddingVertical": 0,
              }
            }
            testID="input"
            textAlignVertical="center"
            underlineColorAndroid="transparent"
            value=""
          />
          <View
            style={
              Object {
                "alignItems": "center",
                "height": 40,
                "justifyContent": "center",
                "marginVertical": 4,
                "paddingRight": 4,
              }
            }
          />
        </View>
        <Text
          style={
            Object {
              "color": "#D60A50",
              "fontFamily": "NotoSansJP-Regular",
              "fontSize": 12,
              "fontWeight": undefined,
              "letterSpacing": 0,
              "lineHeight": 16,
              "margin": 0,
              "marginLeft": 0,
            }
          }
        />
      </View>
    </View>
  </View>
  <View
    style={
      Object {
        "marginBottom": 20,
        "minHeight": 98,
      }
    }
    testID="to-input"
  >
    <View
      style={
        Object {
          "alignContent": "center",
          "alignItems": "flex-start",
          "display": "flex",
          "flexDirection": "row",
        }
      }
    >
      <Text
        style={
          Object {
            "color": "#242424",
            "fontFamily": "NotoSansJP-Black",
            "fontSize": 16,
            "fontWeight": undefined,
            "letterSpacing": -0.3,
            "lineHeight": 22,
            "marginBottom": 4,
          }
        }
        testID="input-label"
      >
        To
      </Text>
      <Text
        style={
          Object {
            "color": "#D60A50",
            "fontFamily": "NotoSansJP-Bold",
            "fontSize": 14,
            "fontWeight": undefined,
            "letterSpacing": 0,
            "lineHeight": 20,
            "marginLeft": 4,
          }
        }
        testID="input-required"
      >
        *
      </Text>
    </View>
    <View
      style={
        Object {
          "flex": 1,
        }
      }
    >
      <View
        style={
          Object {
            "paddingHorizontal": 0,
            "width": "100%",
          }
        }
      >
        <View
          collapsable={false}
          nativeID="animatedComponent"
          style={
            Object {
              "alignItems": "center",
              "backgroundColor": "#F2F2F2",
              "borderBottomWidth": 0,
              "borderColor": "#86939e",
              "borderRadius": 8,
              "flexDirection": "row",
              "marginBottom": 5,
              "minHeight": 52,
              "paddingHorizontal": 12,
              "textAlignVertical": "center",
              "transform": Array [
                Object {
                  "translateX": 0,
                },
              ],
            }
          }
        >
          <TextInput
            autoCapitalize="characters"
            autoCorrect={true}
            editable={true}
            onBlur={[Function]}
            onChangeText={[Function]}
            onFocus={[Function]}
            onSubmitEditing={[Function]}
            placeholder="Destination code"
            placeholderTextColor="#A0A0A0"
            returnKeyType="default"
            scrollEnabled={true}
            secureTextEntry={false}
            selectionColor="#12A3BE"
            style={
              Object {
                "color": "#000000",
                "flex": 1,
                "fontFamily": "NotoSansJP-Bold",
                "fontSize": 14,
                "fontWeight": undefined,
                "letterSpacing": 0,
                "lineHeight": 20,
                "minHeight": 40,
                "paddingVertical": 0,
              }
            }
            testID="input"
            textAlignVertical="center"
            underlineColorAndroid="transparent"
            value=""
          />
          <View
            style={
              Object {
                "alignItems": "center",
                "height": 40,
                "justifyContent": "center",
                "marginVertical": 4,
                "paddingRight": 4,
              }
            }
          />
        </View>
        <Text
          style={
            Object {
              "color": "#D60A50",
              "fontFamily": "NotoSansJP-Regular",
              "fontSize": 12,
              "fontWeight": undefined,
              "letterSpacing": 0,
              "lineHeight": 16,
              "margin": 0,
              "marginLeft": 0,
            }
          }
        />
      </View>
    </View>
  </View>
  <View
    style={
      Object {
        "height": 98,
        "marginBottom": 20,
      }
    }
    testID="departure-time-input"
  >
    <View
      style={
        Object {
          "alignContent": "center",
          "alignItems": "flex-start",
          "display": "flex",
          "flexDirection": "row",
        }
      }
    >
      <Text
        style={
          Object {
            "fontFamily": "NotoSansJP-Black",
            "fontSize": 16,
            "fontWeight": undefined,
            "letterSpacing": -0.3,
            "lineHeight": 22,
            "marginBottom": 4,
          }
        }
        testID="touchable-input-label"
      >
        Departure
      </Text>
      <Text
        style={
          Object {
            "color": "#D60A50",
            "fontFamily": "NotoSansJP-Bold",
            "fontSize": 14,
            "fontWeight": undefined,
            "letterSpacing": 0,
            "lineHeight": 20,
            "marginLeft": 4,
          }
        }
        testID="touchable-input-required"
      >
        *
      </Text>
    </View>
    <View
      accessible={true}
      collapsable={false}
      focusable={true}
      onBlur={[Function]}
      onClick={[Function]}
      onFocus={[Function]}
      onResponderGrant={[Function]}
      onResponderMove={[Function]}
      onResponderRelease={[Function]}
      onResponderTerminate={[Function]}
      onResponderTerminationRequest={[Function]}
      onStartShouldSetResponder={[Function]}
    >
      <View
        style={
          Object {
            "alignItems": "center",
            "backgroundColor": "#F2F2F2",
            "borderRadius": 8,
            "flexDirection": "row",
            "justifyContent": "space-between",
            "minHeight": 52,
            "paddingHorizontal": 12,
          }
        }
      >
        <Text
          numberOfLines={1}
          style={
            Object {
              "color": "#000000",
              "flex": 1,
              "fontFamily": "NotoSansJP-Bold",
              "fontSize": 14,
              "fontWeight": undefined,
              "letterSpacing": 0,
              "lineHeight": 20,
            }
          }
          testID="touchable-input-text"
        >
          Yesterday, 21:45
        </Text>
        <View
          style={
            Array [
              Object {
                "overflow": "hidden",
              },
              Object {
                "height": 23,
                "width": 14,
              },
            ]
          }
        >
          <FastImageView
            resizeMode="cover"
            source={
              Object {
                "testUri": "../../../src/assets/icons/chevronRight.png",
              }
            }
            style={
              Object {
                "bottom": 0,
                "left": 0,
                "position": "absolute",
                "right": 0,
                "top": 0,
              }
            }
            testID="touchable-input-icon"
          />
        </View>
      </View>
    </View>
    <View
      style={
        Object {
          "marginVertical": 5,
        }
      }
    >
      <Text
        style={
          Object {
            "color": "#D60A50",
            "fontFamily": "NotoSansJP-Regular",
            "fontSize": 12,
            "fontWeight": undefined,
            "letterSpacing": 0,
            "lineHeight": 16,
          }
        }
        testID="touchable-input-error"
      >
        
      </Text>
    </View>
  </View>
  <View
    style={
      Object {
        "height": 98,
        "marginBottom": 20,
      }
    }
    testID="arrival-time-input"
  >
    <View
      style={
        Object {
          "alignContent": "center",
          "alignItems": "flex-start",
          "display": "flex",
          "flexDirection": "row",
        }
      }
    >
      <Text
        style={
          Object {
            "fontFamily": "NotoSansJP-Black",
            "fontSize": 16,
            "fontWeight": undefined,
            "letterSpacing": -0.3,
            "lineHeight": 22,
            "marginBottom": 4,
          }
        }
        testID="touchable-input-label"
      >
        Arrival
      </Text>
      <Text
        style={
          Object {
            "color": "#D60A50",
            "fontFamily": "NotoSansJP-Bold",
            "fontSize": 14,
            "fontWeight": undefined,
            "letterSpacing": 0,
            "lineHeight": 20,
            "marginLeft": 4,
          }
        }
        testID="touchable-input-required"
      >
        *
      </Text>
    </View>
    <View
      accessible={true}
      collapsable={false}
      focusable={true}
      onBlur={[Function]}
      onClick={[Function]}
      onFocus={[Function]}
      onResponderGrant={[Function]}
      onResponderMove={[Function]}
      onResponderRelease={[Function]}
      onResponderTerminate={[Function]}
      onResponderTerminationRequest={[Function]}
      onStartShouldSetResponder={[Function]}
    >
      <View
        style={
          Object {
            "alignItems": "center",
            "backgroundColor": "#F2F2F2",
            "borderRadius": 8,
            "flexDirection": "row",
            "justifyContent": "space-between",
            "minHeight": 52,
            "paddingHorizontal": 12,
          }
        }
      >
        <Text
          numberOfLines={1}
          style={
            Object {
              "color": "#000000",
              "flex": 1,
              "fontFamily": "NotoSansJP-Bold",
              "fontSize": 14,
              "fontWeight": undefined,
              "letterSpacing": 0,
              "lineHeight": 20,
            }
          }
          testID="touchable-input-text"
        >
          Today, 07:38
        </Text>
        <View
          style={
            Array [
              Object {
                "overflow": "hidden",
              },
              Object {
                "height": 23,
                "width": 14,
              },
            ]
          }
        >
          <FastImageView
            resizeMode="cover"
            source={
              Object {
                "testUri": "../../../src/assets/icons/chevronRight.png",
              }
            }
            style={
              Object {
                "bottom": 0,
                "left": 0,
                "position": "absolute",
                "right": 0,
                "top": 0,
              }
            }
            testID="touchable-input-icon"
          />
        </View>
      </View>
    </View>
    <View
      style={
        Object {
          "marginVertical": 5,
        }
      }
    >
      <Text
        style={
          Object {
            "color": "#D60A50",
            "fontFamily": "NotoSansJP-Regular",
            "fontSize": 12,
            "fontWeight": undefined,
            "letterSpacing": 0,
            "lineHeight": 16,
          }
        }
        testID="touchable-input-error"
      >
        
      </Text>
    </View>
  </View>
</View>
`;
